// Jest Snapshot v1, https://goo.gl/fbAQLP

exports[`<Form /> renders the <Form /> with an error 1`] = `
<div
  class="sc-dorvvM cUGUPQ"
>
  <div
    class="sc-kyMESl iCMhWl"
  >
    Your email address is already being used
  </div>
  <button
    class="sc-kinYwB iDhwpi"
    type="submit"
  >
    Sign In
  </button>
</div>
`;

exports[`<Form /> renders the <Form /> with populated data 1`] = `
<div
  class="sc-dorvvM cUGUPQ"
>
  <h1
    class="sc-exayXG SxgCt"
  >
    Sign In Now
  </h1>
  <form
    class="sc-dwYcXH fatjnR"
  >
    <input
      class="sc-kXWJUi jrWDVJ"
      placeholder="Email address"
    />
    <input
      class="sc-kXWJUi jrWDVJ"
      placeholder="Password"
      type="password"
    />
    <button
      class="sc-kinYwB iDhwpi"
      disabled=""
      type="submit"
    >
      Sign In
    </button>
  </form>
  <p
    class="sc-dHrNzZ hSamNv"
  >
    New to Netflix?
     
  </p>
  <p
    class="sc-eHujzY dmNXSn"
  >
    This page is protected by Google reCAPTCHA to ensure you're not a bot. Learn more.
  </p>
</div>
`;
