// Jest Snapshot v1, https://goo.gl/fbAQLP

exports[`<Player /> renders the <Player /> with a bunny video 1`] = `
<div
  class="sc-fqcNSE"
>
  <button
    class="sc-iRFtIJ eauGBp"
  >
    Play
  </button>
</div>
`;
